]0;~/Downloads/test-blog[?1034hNeelys-MacBook-Pro:test-blog neelycraig$ [KNeelys-MacBook-Pro:test-blog neelycraig$ echo "# blogdown" >> README.md
]0;~/Downloads/test-blogNeelys-MacBook-Pro:test-blog neelycraig$ git init
Reinitialized existing Git repository in /Users/neelycraig/Downloads/test-blog/.git/
]0;~/Downloads/test-blogNeelys-MacBook-Pro:test-blog neelycraig$ git add README.md
]0;~/Downloads/test-blogNeelys-MacBook-Pro:test-blog neelycraig$ git commit -m "first commit"
[master 8955b9a] first commit
 1 file changed, 2 insertions(+)
 create mode 100644 README.md
]0;~/Downloads/test-blogNeelys-MacBook-Pro:test-blog neelycraig$ git remote add origin https://github.com/neelycraig1234/blogdown.git
]0;~/Downloads/test-blogNeelys-MacBook-Pro:test-blog neelycraig$ git push -u origin master

Counting objects: 49, done.
Delta compression using up to 4 threads.
Compressing objects:   2% (1/41)   Compressing objects:   4% (2/41)   Compressing objects:   7% (3/41)   Compressing objects:   9% (4/41)   Compressing objects:  12% (5/41)   Compressing objects:  14% (6/41)   Compressing objects:  17% (7/41)   Compressing objects:  19% (8/41)   Compressing objects:  21% (9/41)   Compressing objects:  24% (10/41)   Compressing objects:  26% (11/41)   Compressing objects:  29% (12/41)   Compressing objects:  31% (13/41)   Compressing objects:  34% (14/41)   Compressing objects:  36% (15/41)   Compressing objects:  39% (16/41)   Compressing objects:  41% (17/41)   Compressing objects:  43% (18/41)   Compressing objects:  46% (19/41)   Compressing objects:  48% (20/41)   Compressing objects:  51% (21/41)   Compressing objects:  53% (22/41)   Compressing objects:  56% (23/41)   Compressing objects:  58% (24/41)   Compressing objects:  60% (25/41)   Compressing objects:  63% (26/41)   Compressing objects:  65% (27/41)   Compressing objects:  68% (28/41)   Compressing objects:  70% (29/41)   Compressing objects:  73% (30/41)   Compressing objects:  75% (31/41)   Compressing objects:  78% (32/41)   Compressing objects:  80% (33/41)   Compressing objects:  82% (34/41)   Compressing objects:  85% (35/41)   Compressing objects:  87% (36/41)   Compressing objects:  90% (37/41)   Compressing objects:  92% (38/41)   Compressing objects:  95% (39/41)   Compressing objects:  97% (40/41)   Compressing objects: 100% (41/41)   Compressing objects: 100% (41/41), done.
Writing objects:   2% (1/49)   Writing objects:   4% (2/49)   Writing objects:   6% (3/49)   Writing objects:   8% (4/49)   Writing objects:  10% (5/49)   Writing objects:  12% (6/49)   Writing objects:  14% (7/49)   Writing objects:  16% (8/49)   Writing objects:  18% (9/49)   Writing objects:  20% (10/49)   Writing objects:  22% (11/49)   Writing objects:  24% (12/49)   Writing objects:  26% (13/49)   Writing objects:  28% (14/49)   Writing objects:  30% (15/49)   Writing objects:  32% (16/49)   Writing objects:  34% (17/49)   Writing objects:  36% (18/49)   Writing objects:  38% (19/49)   Writing objects:  40% (20/49)   Writing objects:  42% (21/49)   Writing objects:  44% (22/49)   Writing objects:  46% (23/49)   Writing objects:  48% (24/49)   Writing objects:  51% (25/49)   Writing objects:  53% (26/49)   Writing objects:  55% (27/49)   Writing objects:  57% (28/49)   Writing objects:  59% (29/49)   Writing objects:  61% (30/49)   Writing objects:  63% (31/49)   Writing objects:  65% (32/49)   Writing objects:  67% (33/49)   Writing objects:  69% (34/49)   Writing objects:  71% (35/49)   Writing objects:  73% (36/49)   Writing objects:  75% (37/49)   Writing objects:  77% (38/49)   Writing objects:  79% (39/49)   Writing objects:  81% (40/49)   Writing objects:  83% (41/49)   Writing objects:  85% (42/49)   Writing objects:  87% (43/49)   Writing objects:  89% (44/49)   Writing objects:  91% (45/49)   Writing objects:  93% (46/49)   Writing objects:  95% (47/49)   Writing objects:  97% (48/49)   Writing objects: 100% (49/49)   Writing objects: 100% (49/49), 110.24 KiB | 747.00 KiB/s, done.
Total 49 (delta 0), reused 0 (delta 0)
To https://github.com/neelycraig1234/blogdown.git
 * [new branch]      master -> master
Branch 'master' set up to track remote branch 'master' from 'origin'.
]0;~/Downloads/test-blogNeelys-MacBook-Pro:test-blog neelycraig$ 
]0;~/Downloads/test-blogNeelys-MacBook-Pro:test-blog neelycraig$ 
]0;~/Downloads/test-blogNeelys-MacBook-Pro:test-blog neelycraig$ echo "# blogdown" >> README.md
]0;~/Downloads/test-blogNeelys-MacBook-Pro:test-blog neelycraig$ git init
Reinitialized existing Git repository in /Users/neelycraig/Downloads/test-blog/.git/
]0;~/Downloads/test-blogNeelys-MacBook-Pro:test-blog neelycraig$ git add README.md
]0;~/Downloads/test-blogNeelys-MacBook-Pro:test-blog neelycraig$ git commit -m "first commit"
[master d3ad179] first commit
 1 file changed, 1 insertion(+)
]0;~/Downloads/test-blogNeelys-MacBook-Pro:test-blog neelycraig$ git remote add origin https://github.com/neelycraig1234/blogdown.git
fatal: remote origin already exists.
]0;~/Downloads/test-blogNeelys-MacBook-Pro:test-blog neelycraig$ git push -u origin master
Counting objects: 115, done.
Delta compression using up to 4 threads.
Compressing objects:   1% (1/89)   Compressing objects:   2% (2/89)   Compressing objects:   3% (3/89)   Compressing objects:   4% (4/89)   Compressing objects:   5% (5/89)   Compressing objects:   6% (6/89)   Compressing objects:   7% (7/89)   Compressing objects:   8% (8/89)   Compressing objects:  10% (9/89)   Compressing objects:  11% (10/89)   Compressing objects:  12% (11/89)   Compressing objects:  13% (12/89)   Compressing objects:  14% (13/89)   Compressing objects:  15% (14/89)   Compressing objects:  16% (15/89)   Compressing objects:  17% (16/89)   Compressing objects:  19% (17/89)   Compressing objects:  20% (18/89)   Compressing objects:  21% (19/89)   Compressing objects:  22% (20/89)   Compressing objects:  23% (21/89)   Compressing objects:  24% (22/89)   Compressing objects:  25% (23/89)   Compressing objects:  26% (24/89)   Compressing objects:  28% (25/89)   Compressing objects:  29% (26/89)   Compressing objects:  30% (27/89)   Compressing objects:  31% (28/89)   Compressing objects:  32% (29/89)   Compressing objects:  33% (30/89)   Compressing objects:  34% (31/89)   Compressing objects:  35% (32/89)   Compressing objects:  37% (33/89)   Compressing objects:  38% (34/89)   Compressing objects:  39% (35/89)   Compressing objects:  40% (36/89)   Compressing objects:  41% (37/89)   Compressing objects:  42% (38/89)   Compressing objects:  43% (39/89)   Compressing objects:  44% (40/89)   Compressing objects:  46% (41/89)   Compressing objects:  47% (42/89)   Compressing objects:  48% (43/89)   Compressing objects:  49% (44/89)   Compressing objects:  50% (45/89)   Compressing objects:  51% (46/89)   Compressing objects:  52% (47/89)   Compressing objects:  53% (48/89)   Compressing objects:  55% (49/89)   Compressing objects:  56% (50/89)   Compressing objects:  57% (51/89)   Compressing objects:  58% (52/89)   Compressing objects:  59% (53/89)   Compressing objects:  60% (54/89)   Compressing objects:  61% (55/89)   Compressing objects:  62% (56/89)   Compressing objects:  64% (57/89)   Compressing objects:  65% (58/89)   Compressing objects:  66% (59/89)   Compressing objects:  67% (60/89)   Compressing objects:  68% (61/89)   Compressing objects:  69% (62/89)   Compressing objects:  70% (63/89)   Compressing objects:  71% (64/89)   Compressing objects:  73% (65/89)   Compressing objects:  74% (66/89)   Compressing objects:  75% (67/89)   Compressing objects:  76% (68/89)   Compressing objects:  77% (69/89)   Compressing objects:  78% (70/89)   Compressing objects:  79% (71/89)   Compressing objects:  80% (72/89)   Compressing objects:  82% (73/89)   Compressing objects:  83% (74/89)   Compressing objects:  84% (75/89)   Compressing objects:  85% (76/89)   Compressing objects:  86% (77/89)   Compressing objects:  87% (78/89)   Compressing objects:  88% (79/89)   Compressing objects:  89% (80/89)   Compressing objects:  91% (81/89)   Compressing objects:  92% (82/89)   Compressing objects:  93% (83/89)   Compressing objects:  94% (84/89)   Compressing objects:  95% (85/89)   Compressing objects:  96% (86/89)   Compressing objects:  97% (87/89)   Compressing objects:  98% (88/89)   Compressing objects: 100% (89/89)   Compressing objects: 100% (89/89), done.
Writing objects:   0% (1/115)   Writing objects:   1% (2/115)   Writing objects:   2% (3/115)   Writing objects:   3% (4/115)   Writing objects:   4% (5/115)   Writing objects:   5% (6/115)   Writing objects:   6% (7/115)   Writing objects:   7% (9/115)   Writing objects:   8% (10/115)   Writing objects:   9% (11/115)   Writing objects:  10% (12/115)   Writing objects:  11% (13/115)   Writing objects:  12% (14/115)   Writing objects:  13% (15/115)   Writing objects:  14% (17/115)   Writing objects:  15% (18/115)   Writing objects:  16% (19/115)   Writing objects:  17% (20/115)   Writing objects:  18% (21/115)   Writing objects:  19% (22/115)   Writing objects:  20% (23/115)   Writing objects:  21% (25/115)   Writing objects:  23% (27/115)   Writing objects:  24% (28/115)   Writing objects:  25% (29/115)   Writing objects:  26% (30/115)   Writing objects:  27% (32/115)   Writing objects:  28% (33/115)   Writing objects:  29% (34/115)   Writing objects:  30% (35/115)   Writing objects:  31% (36/115)   Writing objects:  32% (37/115)   Writing objects:  33% (38/115)   Writing objects:  35% (41/115)   Writing objects:  36% (42/115)   Writing objects:  37% (43/115)   Writing objects:  38% (44/115)   Writing objects:  39% (45/115)   Writing objects:  40% (47/115)   Writing objects:  42% (49/115)   Writing objects:  43% (50/115)   Writing objects:  45% (52/115)   Writing objects:  46% (54/115)   Writing objects:  47% (55/115)   Writing objects:  48% (56/115)   Writing objects:  49% (57/115)   Writing objects:  50% (58/115)   Writing objects:  51% (59/115)   Writing objects:  52% (60/115)   Writing objects:  53% (61/115)   Writing objects:  54% (63/115)   Writing objects:  55% (64/115)   Writing objects:  56% (65/115)   Writing objects:  57% (66/115)   Writing objects:  58% (67/115)   Writing objects:  59% (68/115)   Writing objects:  60% (69/115)   Writing objects:  61% (71/115)   Writing objects:  62% (72/115)   Writing objects:  63% (73/115)   Writing objects:  64% (74/115)   Writing objects:  65% (75/115)   Writing objects:  66% (76/115)   Writing objects:  67% (78/115)   Writing objects:  68% (79/115)   Writing objects:  69% (80/115)   Writing objects:  70% (81/115)   Writing objects:  71% (82/115)   Writing objects:  72% (83/115)   Writing objects:  73% (84/115)   Writing objects:  74% (86/115)   Writing objects:  75% (87/115)   Writing objects:  76% (88/115)   Writing objects:  77% (89/115)   Writing objects:  78% (90/115)   Writing objects:  79% (91/115)   Writing objects:  80% (92/115)   Writing objects:  81% (94/115)   Writing objects:  82% (95/115)   Writing objects:  83% (96/115)   Writing objects:  84% (97/115)   Writing objects:  85% (98/115)   Writing objects:  86% (99/115)   Writing objects:  87% (101/115)   Writing objects:  88% (102/115)   Writing objects:  89% (103/115)   Writing objects:  90% (104/115)   Writing objects:  91% (105/115)   Writing objects:  92% (106/115)   Writing objects:  93% (107/115)   Writing objects:  94% (109/115)   Writing objects:  95% (110/115)   Writing objects:  96% (111/115)   Writing objects:  97% (112/115)   Writing objects:  98% (113/115)   Writing objects:  99% (114/115)   Writing objects: 100% (115/115)   Writing objects: 100% (115/115), 176.72 KiB | 1.09 MiB/s, done.
Total 115 (delta 22), reused 0 (delta 0)
remote: Resolving deltas:   0% (0/22)   [Kremote: Resolving deltas:   4% (1/22)   [Kremote: Resolving deltas:   9% (2/22)   [Kremote: Resolving deltas:  13% (3/22)   [Kremote: Resolving deltas:  68% (15/22)   [Kremote: Resolving deltas: 100% (22/22)   [Kremote: Resolving deltas: 100% (22/22), done.[K
To https://github.com/neelycraig1234/blogdown.git
 * [new branch]      master -> master
Branch 'master' set up to track remote branch 'master' from 'origin'.
]0;~/Downloads/test-blogNeelys-MacBook-Pro:test-blog neelycraig$ rm -rf .git
]0;~/Downloads/test-blogNeelys-MacBook-Pro:test-blog neelycraig$ echo "# blogdown" >> README.md
]0;~/Downloads/test-blogNeelys-MacBook-Pro:test-blog neelycraig$ git init
Initialized empty Git repository in /Users/neelycraig/Downloads/test-blog/.git/
]0;~/Downloads/test-blogNeelys-MacBook-Pro:test-blog neelycraig$ git add README.md
]0;~/Downloads/test-blogNeelys-MacBook-Pro:test-blog neelycraig$ git commit -m "first commit"
[master (root-commit) 3dfc41e] first commit
 1 file changed, 4 insertions(+)
 create mode 100644 README.md
]0;~/Downloads/test-blogNeelys-MacBook-Pro:test-blog neelycraig$ git remote add origin https://github.com/neelycraig1234/blogdown.git
]0;~/Downloads/test-blogNeelys-MacBook-Pro:test-blog neelycraig$ git push -u origin master
To https://github.com/neelycraig1234/blogdown.git
 ! [rejected]        master -> master (fetch first)
error: failed to push some refs to 'https://github.com/neelycraig1234/blogdown.git'
hint: Updates were rejected because the remote contains work that you do
hint: not have locally. This is usually caused by another repository pushing
hint: to the same ref. You may want to first integrate the remote changes
hint: (e.g., 'git pull ...') before pushing again.
hint: See the 'Note about fast-forwards' in 'git push --help' for details.
]0;~/Downloads/test-blogNeelys-MacBook-Pro:test-blog neelycraig$ git status
On branch master
Untracked files:
  (use "git add <file>..." to include in what will be committed)

	[31m.gitignore[m
	[31mconfig.toml[m
	[31mcontent/[m
	[31mindex.Rmd[m
	[31mstatic/[m
	[31mtest-blog.Rproj[m
	[31mthemes/[m

nothing added to commit but untracked files present (use "git add" to track)
]0;~/Downloads/test-blogNeelys-MacBook-Pro:test-blog neelycraig$ git add -A
]0;~/Downloads/test-blogNeelys-MacBook-Pro:test-blog neelycraig$ git commit -m "added site"
[master d370b87] added site
 44 files changed, 930 insertions(+)
 create mode 100644 .gitignore
 create mode 100644 config.toml
 create mode 100644 content/about.md
 create mode 100644 content/post/2015-01-01-lorem-ipsum.md
 create mode 100644 content/post/2015-07-23-r-rmarkdown.Rmd
 create mode 100644 content/post/2015-07-23-r-rmarkdown.html
 create mode 100644 content/post/2016-12-30-hello-markdown.md
 create mode 100644 content/post/2018-06-12-another-new-post.Rmd
 create mode 100644 content/post/2018-06-12-another-new-post.html
 create mode 100644 content/post/2018-06-12-first-new-post.md
 create mode 100644 index.Rmd
 create mode 100644 static/.gitkeep
 create mode 100644 static/post/2015-07-23-r-rmarkdown_files/figure-html/pie-1.png
 create mode 100644 test-blog.Rproj
 create mode 100644 themes/hugo-lithium/.gitignore
 create mode 100644 themes/hugo-lithium/LICENSE.md
 create mode 100644 themes/hugo-lithium/README.md
 create mode 100644 themes/hugo-lithium/archetypes/default.md
 create mode 100644 themes/hugo-lithium/exampleSite/config.toml
 create mode 100644 themes/hugo-lithium/exampleSite/content/about.md
 create mode 100644 themes/hugo-lithium/exampleSite/content/post/2015-01-01-lorem-ipsum.md
 create mode 100644 themes/hugo-lithium/exampleSite/content/post/2016-12-30-hello-markdown.md
 create mode 100644 themes/hugo-lithium/exampleSite/static/.gitkeep
 create mode 100644 themes/hugo-lithium/hugo-lithium.Rproj
 create mode 100644 themes/hugo-lithium/layouts/_default/list.html
 create mode 100644 themes/hugo-lithium/layouts/_default/single.html
 create mode 100644 themes/hugo-lithium/layouts/partials/disqus.html
 create mode 100644 themes/hugo-lithium/layouts/partials/footer.html
 create mode 100644 themes/hugo-lithium/layouts/partials/footer_highlightjs.html
 create mode 100644 themes/hugo-lithium/layouts/partials/footer_mathjax.html
 create mode 100644 themes/hugo-lithium/layouts/partials/head.html
 create mode 100644 themes/hugo-lithium/layouts/partials/head_custom.html
 create mode 100644 themes/hugo-lithium/layouts/partials/head_highlightjs.html
 create mode 100644 themes/hugo-lithium/layouts/partials/header.html
 create mode 100644 themes/hugo-lithium/layouts/partials/nav.html
 create mode 100644 themes/hugo-lithium/static/css/fonts.css
 create mode 100644 themes/hugo-lithium/static/css/main.css
 create mode 100644 themes/hugo-lithium/static/fonts/lato-v11-latin-regular.woff
 create mode 100644 themes/hugo-lithium/static/fonts/lato-v11-latin-regular.woff2
 create mode 100644 themes/hugo-lithium/static/fonts/merriweather-v13-latin-regular.woff
 create mode 100644 themes/hugo-lithium/static/fonts/merriweather-v13-latin-regular.woff2
 create mode 100644 themes/hugo-lithium/static/images/hugo-logo.png
 create mode 100644 themes/hugo-lithium/static/images/logo.png
 create mode 100644 themes/hugo-lithium/static/js/math-code.js
]0;~/Downloads/test-blogNeelys-MacBook-Pro:test-blog neelycraig$ git push
fatal: The current branch master has no upstream branch.
To push the current branch and set the remote as upstream, use

    git push --set-upstream origin master

]0;~/Downloads/test-blogNeelys-MacBook-Pro:test-blog neelycraig$     git push --set-upstream origin master
To https://github.com/neelycraig1234/blogdown.git
 ! [rejected]        master -> master (fetch first)
error: failed to push some refs to 'https://github.com/neelycraig1234/blogdown.git'
hint: Updates were rejected because the remote contains work that you do
hint: not have locally. This is usually caused by another repository pushing
hint: to the same ref. You may want to first integrate the remote changes
hint: (e.g., 'git pull ...') before pushing again.
hint: See the 'Note about fast-forwards' in 'git push --help' for details.
]0;~/Downloads/test-blogNeelys-MacBook-Pro:test-blog neelycraig$ git pull
warning: no common commits
remote: Counting objects: 115, done.[K
remote: Compressing objects:   1% (1/67)   [Kremote: Compressing objects:   2% (2/67)   [Kremote: Compressing objects:   4% (3/67)   [Kremote: Compressing objects:   5% (4/67)   [Kremote: Compressing objects:   7% (5/67)   [Kremote: Compressing objects:   8% (6/67)   [Kremote: Compressing objects:  10% (7/67)   [Kremote: Compressing objects:  11% (8/67)   [Kremote: Compressing objects:  13% (9/67)   [Kremote: Compressing objects:  14% (10/67)   [Kremote: Compressing objects:  16% (11/67)   [Kremote: Compressing objects:  17% (12/67)   [Kremote: Compressing objects:  19% (13/67)   [Kremote: Compressing objects:  20% (14/67)   [Kremote: Compressing objects:  22% (15/67)   [Kremote: Compressing objects:  23% (16/67)   [Kremote: Compressing objects:  25% (17/67)   [Kremote: Compressing objects:  26% (18/67)   [Kremote: Compressing objects:  28% (19/67)   [Kremote: Compressing objects:  29% (20/67)   [Kremote: Compressing objects:  31% (21/67)   [Kremote: Compressing objects:  32% (22/67)   [Kremote: Compressing objects:  34% (23/67)   [Kremote: Compressing objects:  35% (24/67)   [Kremote: Compressing objects:  37% (25/67)   [Kremote: Compressing objects:  38% (26/67)   [Kremote: Compressing objects:  40% (27/67)   [Kremote: Compressing objects:  41% (28/67)   [Kremote: Compressing objects:  43% (29/67)   [Kremote: Compressing objects:  44% (30/67)   [Kremote: Compressing objects:  46% (31/67)   [Kremote: Compressing objects:  47% (32/67)   [Kremote: Compressing objects:  49% (33/67)   [Kremote: Compressing objects:  50% (34/67)   [Kremote: Compressing objects:  52% (35/67)   [Kremote: Compressing objects:  53% (36/67)   [Kremote: Compressing objects:  55% (37/67)   [Kremote: Compressing objects:  56% (38/67)   [Kremote: Compressing objects:  58% (39/67)   [Kremote: Compressing objects:  59% (40/67)   [Kremote: Compressing objects:  61% (41/67)   [Kremote: Compressing objects:  62% (42/67)   [Kremote: Compressing objects:  64% (43/67)   [Kremote: Compressing objects:  65% (44/67)   [Kremote: Compressing objects:  67% (45/67)   [Kremote: Compressing objects:  68% (46/67)   [Kremote: Compressing objects:  70% (47/67)   [Kremote: Compressing objects:  71% (48/67)   [Kremote: Compressing objects:  73% (49/67)   [Kremote: Compressing objects:  74% (50/67)   [Kremote: Compressing objects:  76% (51/67)   [Kremote: Compressing objects:  77% (52/67)   [Kremote: Compressing objects:  79% (53/67)   [Kremote: Compressing objects:  80% (54/67)   [Kremote: Compressing objects:  82% (55/67)   [Kremote: Compressing objects:  83% (56/67)   [Kremote: Compressing objects:  85% (57/67)   [Kremote: Compressing objects:  86% (58/67)   [Kremote: Compressing objects:  88% (59/67)   [Kremote: Compressing objects:  89% (60/67)   [Kremote: Compressing objects:  91% (61/67)   [Kremote: Compressing objects:  92% (62/67)   [Kremote: Compressing objects:  94% (63/67)   [Kremote: Compressing objects:  95% (64/67)   [Kremote: Compressing objects:  97% (65/67)   [Kremote: Compressing objects:  98% (66/67)   [Kremote: Compressing objects: 100% (67/67)   [Kremote: Compressing objects: 100% (67/67), done.[K
Receiving objects:   0% (1/115)   Receiving objects:   1% (2/115)   Receiving objects:   2% (3/115)   Receiving objects:   3% (4/115)   Receiving objects:   4% (5/115)   Receiving objects:   5% (6/115)   Receiving objects:   6% (7/115)   Receiving objects:   7% (9/115)   Receiving objects:   8% (10/115)   Receiving objects:   9% (11/115)   Receiving objects:  10% (12/115)   Receiving objects:  11% (13/115)   Receiving objects:  12% (14/115)   Receiving objects:  13% (15/115)   Receiving objects:  14% (17/115)   Receiving objects:  15% (18/115)   Receiving objects:  16% (19/115)   Receiving objects:  17% (20/115)   Receiving objects:  18% (21/115)   Receiving objects:  19% (22/115)   Receiving objects:  20% (23/115)   Receiving objects:  21% (25/115)   Receiving objects:  22% (26/115)   Receiving objects:  23% (27/115)   Receiving objects:  24% (28/115)   Receiving objects:  25% (29/115)   Receiving objects:  26% (30/115)   Receiving objects:  27% (32/115)   Receiving objects:  28% (33/115)   Receiving objects:  29% (34/115)   Receiving objects:  30% (35/115)   Receiving objects:  31% (36/115)   Receiving objects:  32% (37/115)   Receiving objects:  33% (38/115)   Receiving objects:  34% (40/115)   Receiving objects:  35% (41/115)   Receiving objects:  36% (42/115)   Receiving objects:  37% (43/115)   Receiving objects:  38% (44/115)   Receiving objects:  39% (45/115)   Receiving objects:  40% (46/115)   Receiving objects:  41% (48/115)   Receiving objects:  42% (49/115)   Receiving objects:  43% (50/115)   Receiving objects:  44% (51/115)   Receiving objects:  45% (52/115)   Receiving objects:  46% (53/115)   Receiving objects:  47% (55/115)   Receiving objects:  48% (56/115)   Receiving objects:  49% (57/115)   Receiving objects:  50% (58/115)   Receiving objects:  51% (59/115)   Receiving objects:  52% (60/115), 60.00 KiB | 70.00 KiB/s   Receiving objects:  53% (61/115), 60.00 KiB | 70.00 KiB/s   Receiving objects:  54% (63/115), 108.00 KiB | 73.00 KiB/s   Receiving objects:  55% (64/115), 108.00 KiB | 73.00 KiB/s   Receiving objects:  56% (65/115), 108.00 KiB | 73.00 KiB/s   Receiving objects:  57% (66/115), 108.00 KiB | 73.00 KiB/s   Receiving objects:  58% (67/115), 108.00 KiB | 73.00 KiB/s   Receiving objects:  59% (68/115), 108.00 KiB | 73.00 KiB/s   Receiving objects:  60% (69/115), 108.00 KiB | 73.00 KiB/s   Receiving objects:  61% (71/115), 108.00 KiB | 73.00 KiB/s   Receiving objects:  62% (72/115), 108.00 KiB | 73.00 KiB/s   remote: Total 115 (delta 22), reused 115 (delta 22), pack-reused 0[K
Receiving objects:  62% (72/115), 172.00 KiB | 78.00 KiB/s   Receiving objects:  63% (73/115), 172.00 KiB | 78.00 KiB/s   Receiving objects:  64% (74/115), 172.00 KiB | 78.00 KiB/s   Receiving objects:  65% (75/115), 172.00 KiB | 78.00 KiB/s   Receiving objects:  66% (76/115), 172.00 KiB | 78.00 KiB/s   Receiving objects:  67% (78/115), 172.00 KiB | 78.00 KiB/s   Receiving objects:  68% (79/115), 172.00 KiB | 78.00 KiB/s   Receiving objects:  69% (80/115), 172.00 KiB | 78.00 KiB/s   Receiving objects:  70% (81/115), 172.00 KiB | 78.00 KiB/s   Receiving objects:  71% (82/115), 172.00 KiB | 78.00 KiB/s   Receiving objects:  72% (83/115), 172.00 KiB | 78.00 KiB/s   Receiving objects:  73% (84/115), 172.00 KiB | 78.00 KiB/s   Receiving objects:  74% (86/115), 172.00 KiB | 78.00 KiB/s   Receiving objects:  75% (87/115), 172.00 KiB | 78.00 KiB/s   Receiving objects:  76% (88/115), 172.00 KiB | 78.00 KiB/s   Receiving objects:  77% (89/115), 172.00 KiB | 78.00 KiB/s   Receiving objects:  78% (90/115), 172.00 KiB | 78.00 KiB/s   Receiving objects:  79% (91/115), 172.00 KiB | 78.00 KiB/s   Receiving objects:  80% (92/115), 172.00 KiB | 78.00 KiB/s   Receiving objects:  81% (94/115), 172.00 KiB | 78.00 KiB/s   Receiving objects:  82% (95/115), 172.00 KiB | 78.00 KiB/s   Receiving objects:  83% (96/115), 172.00 KiB | 78.00 KiB/s   Receiving objects:  84% (97/115), 172.00 KiB | 78.00 KiB/s   Receiving objects:  85% (98/115), 172.00 KiB | 78.00 KiB/s   Receiving objects:  86% (99/115), 172.00 KiB | 78.00 KiB/s   Receiving objects:  87% (101/115), 172.00 KiB | 78.00 KiB/s   Receiving objects:  88% (102/115), 172.00 KiB | 78.00 KiB/s   Receiving objects:  89% (103/115), 172.00 KiB | 78.00 KiB/s   Receiving objects:  90% (104/115), 172.00 KiB | 78.00 KiB/s   Receiving objects:  91% (105/115), 172.00 KiB | 78.00 KiB/s   Receiving objects:  92% (106/115), 172.00 KiB | 78.00 KiB/s   Receiving objects:  93% (107/115), 172.00 KiB | 78.00 KiB/s   Receiving objects:  94% (109/115), 172.00 KiB | 78.00 KiB/s   Receiving objects:  95% (110/115), 172.00 KiB | 78.00 KiB/s   Receiving objects:  96% (111/115), 172.00 KiB | 78.00 KiB/s   Receiving objects:  97% (112/115), 172.00 KiB | 78.00 KiB/s   Receiving objects:  98% (113/115), 172.00 KiB | 78.00 KiB/s   Receiving objects:  99% (114/115), 172.00 KiB | 78.00 KiB/s   Receiving objects: 100% (115/115), 172.00 KiB | 78.00 KiB/s   Receiving objects: 100% (115/115), 176.72 KiB | 80.00 KiB/s, done.
Resolving deltas:   0% (0/22)   Resolving deltas:   4% (1/22)   Resolving deltas:   9% (2/22)   Resolving deltas:  13% (3/22)   Resolving deltas:  81% (18/22)   Resolving deltas: 100% (22/22)   Resolving deltas: 100% (22/22), done.
From https://github.com/neelycraig1234/blogdown
 * [new branch]      master     -> origin/master
There is no tracking information for the current branch.
Please specify which branch you want to merge with.
See git-pull(1) for details.

    git pull <remote> <branch>

If you wish to set tracking information for this branch you can do so with:

    git branch --set-upstream-to=origin/<branch> master

]0;~/Downloads/test-blogNeelys-MacBook-Pro:test-blog neelycraig$ g[Kgit push
fatal: The current branch master has no upstream branch.
To push the current branch and set the remote as upstream, use

    git push --set-upstream origin master

]0;~/Downloads/test-blogNeelys-MacBook-Pro:test-blog neelycraig$     git push --set-upstream origin master
To https://github.com/neelycraig1234/blogdown.git
 ! [rejected]        master -> master (non-fast-forward)
error: failed to push some refs to 'https://github.com/neelycraig1234/blogdown.git'
hint: Updates were rejected because the tip of your current branch is behind
hint: its remote counterpart. Integrate the remote changes (e.g.
hint: 'git pull ...') before pushing again.
hint: See the 'Note about fast-forwards' in 'git push --help' for details.
]0;~/Downloads/test-blogNeelys-MacBook-Pro:test-blog neelycraig$ rm -rf .git
]0;~/Downloads/test-blogNeelys-MacBook-Pro:test-blog neelycraig$ rm -rf .gitignore 
]0;~/Downloads/test-blogNeelys-MacBook-Pro:test-blog neelycraig$ ls
README.md	config.toml	data		layouts		static		themes
archetypes	content		index.Rmd	public		test-blog.Rproj
]0;~/Downloads/test-blogNeelys-MacBook-Pro:test-blog neelycraig$ rm -rf .gi[K[K[K==[K[K[K[K[K[K[K[K[Kgit init
Initialized empty Git repository in /Users/neelycraig/Downloads/test-blog/.git/
]0;~/Downloads/test-blogNeelys-MacBook-Pro:test-blog neelycraig$ git add [K[K[K[K[K[K[K[Kvim .git/[K[K[K[K[K[K[K[K[K [Kgit init
Reinitialized existing Git repository in /Users/neelycraig/Downloads/test-blog/.git/
]0;~/Downloads/test-blogNeelys-MacBook-Pro:test-blog neelycraig$ git add README.md
]0;~/Downloads/test-blogNeelys-MacBook-Pro:test-blog neelycraig$ git commit -m "first commit"
[master (root-commit) 846dac8] first commit
 1 file changed, 4 insertions(+)
 create mode 100644 README.md
]0;~/Downloads/test-blogNeelys-MacBook-Pro:test-blog neelycraig$ git remote add origin https://github.com/neelycraig1234/blogdown.git
]0;~/Downloads/test-blogNeelys-MacBook-Pro:test-blog neelycraig$ git push -u origin master
Counting objects: 3, done.
Delta compression using up to 4 threads.
Compressing objects:  50% (1/2)   Compressing objects: 100% (2/2)   Compressing objects: 100% (2/2), done.
Writing objects:  33% (1/3)   Writing objects:  66% (2/3)   Writing objects: 100% (3/3)   Writing objects: 100% (3/3), 267 bytes | 267.00 KiB/s, done.
Total 3 (delta 0), reused 0 (delta 0)
To https://github.com/neelycraig1234/blogdown.git
 * [new branch]      master -> master
Branch 'master' set up to track remote branch 'master' from 'origin'.
]0;~/Downloads/test-blogNeelys-MacBook-Pro:test-blog neelycraig$ git status
On branch master
Your branch is up to date with 'origin/master'.

Untracked files:
  (use "git add <file>..." to include in what will be committed)

	[31m.Rproj.user/[m
	[31mconfig.toml[m
	[31mcontent/[m
	[31mindex.Rmd[m
	[31mpublic/[m
	[31mstatic/[m
	[31mtest-blog.Rproj[m
	[31mthemes/[m

nothing added to commit but untracked files present (use "git add" to track)
]0;~/Downloads/test-blogNeelys-MacBook-Pro:test-blog neelycraig$ vim .gitignore
[?2004h]0;~/Downloads/test-blogNeelys-MacBook-Pro:test-blog neelycraig$ 